// Jest Snapshot v1, https://goo.gl/fbAQLP

exports[`HelloWorld renders correctly 1`] = `
.c0 {
  font-size: 64px;
  text-align: center;
}

<h1
  className="c0"
>
  Hello World!
</h1>
`;
