// Jest Snapshot v1, https://goo.gl/fbAQLP

exports[`LogoutButton renders correctly 1`] = `
<button
  href="/api/auth/login"
  onClick={[Function]}
>
  Logout
</button>
`;
