// Jest Snapshot v1, https://goo.gl/fbAQLP

exports[`SimulateQueueEmpty renders correctly 1`] = `
.c0 {
  font-size: 18px;
  border: solid black 1px;
  background-color: #AAA;
  cursor: pointer;
}

<button
  className="c0"
  onClick={[Function]}
>
  Simulate Queue Empty
</button>
`;
